SQL> SELECT * FROM EMP WHERE ENAME ='SMITH' AND DEPTNO=20;

     EMPNO ENAME      JOB              MGR HIREDATE          SAL       COMM     
---------- ---------- --------- ---------- ---------- ---------- ----------     
    DEPTNO                                                                      
----------                                                                      
      7369 SMITH      CLERK           7902 17-12-1980        800                
        20                                                                      
                                                                                

SQL> SELECT SALESMAN FROM EMP SAL=1250 AND DEPTNO=10;
SELECT SALESMAN FROM EMP SAL=1250 AND DEPTNO=10
                            *
ERROR at line 1:
ORA-00933: SQL command not properly ended 


SQL> SELECT * FROM EMP SAL=1250 AND DEPTNO=10 AND JOB='SALESMAN';
SELECT * FROM EMP SAL=1250 AND DEPTNO=10 AND JOB='SALESMAN'
                     *
ERROR at line 1:
ORA-00933: SQL command not properly ended 


SQL> SELECT * FROM EMP ENAME IN('SMITH','ALLEN','SCOTT');
SELECT * FROM EMP ENAME IN('SMITH','ALLEN','SCOTT')
                        *
ERROR at line 1:
ORA-00933: SQL command not properly ended 


SQL> SELECT * FROM DEPT WHERE LOC='NEW YORK
  2  ',LOC='DALLAS';
',LOC='DALLAS'
 *
ERROR at line 2:
ORA-00933: SQL command not properly ended 


SQL> SELECT * FROM DEPT WHERE LOC='NEW YORK' OR LOC='DALLAS';

    DEPTNO DNAME          LOC                                                   
---------- -------------- -------------                                         
        10 ACCOUNTING     NEW YORK                                              
        20 RESEARCH       DALLAS                                                

SQL> SELECT * FROM EMP WHERE NOT JOB='SALESMAN';

     EMPNO ENAME      JOB              MGR HIREDATE          SAL       COMM     
---------- ---------- --------- ---------- ---------- ---------- ----------     
    DEPTNO                                                                      
----------                                                                      
      7369 SMITH      CLERK           7902 17-12-1980        800                
        20                                                                      
                                                                                
      7566 JONES      MANAGER         7839 02-04-1981       2975                
        20                                                                      
                                                                                
      7698 BLAKE      MANAGER         7839 01-05-1981       2850                
        30                                                                      
                                                                                

     EMPNO ENAME      JOB              MGR HIREDATE          SAL       COMM     
---------- ---------- --------- ---------- ---------- ---------- ----------     
    DEPTNO                                                                      
----------                                                                      
      7782 CLARK      MANAGER         7839 09-06-1981       2450                
        10                                                                      
                                                                                
      7788 SCOTT      ANALYST         7566 19-04-1987       3000                
        20                                                                      
                                                                                
      7839 KING       PRESIDENT            17-11-1981       5000                
        10                                                                      
                                                                                

     EMPNO ENAME      JOB              MGR HIREDATE          SAL       COMM     
---------- ---------- --------- ---------- ---------- ---------- ----------     
    DEPTNO                                                                      
----------                                                                      
      7876 ADAMS      CLERK           7788 23-05-1987       1100                
        20                                                                      
                                                                                
      7900 JAMES      CLERK           7698 03-12-1981        950                
        30                                                                      
                                                                                
      7902 FORD       ANALYST         7566 03-12-1981       3000                
        20                                                                      
                                                                                

     EMPNO ENAME      JOB              MGR HIREDATE          SAL       COMM     
---------- ---------- --------- ---------- ---------- ---------- ----------     
    DEPTNO                                                                      
----------                                                                      
      7934 MILLER     CLERK           7782 23-01-1982       1300                
        10                                                                      
                                                                                

10 rows selected.

SQL> SELECT * FROM EMP WHERE NOT(ENAME='SMITH' OR ENAME='ALLEN');

     EMPNO ENAME      JOB              MGR HIREDATE          SAL       COMM     
---------- ---------- --------- ---------- ---------- ---------- ----------     
    DEPTNO                                                                      
----------                                                                      
      7521 WARD       SALESMAN        7698 22-02-1981       1250        500     
        30                                                                      
                                                                                
      7566 JONES      MANAGER         7839 02-04-1981       2975                
        20                                                                      
                                                                                
      7654 MARTIN     SALESMAN        7698 28-09-1981       1250       1400     
        30                                                                      
                                                                                

     EMPNO ENAME      JOB              MGR HIREDATE          SAL       COMM     
---------- ---------- --------- ---------- ---------- ---------- ----------     
    DEPTNO                                                                      
----------                                                                      
      7698 BLAKE      MANAGER         7839 01-05-1981       2850                
        30                                                                      
                                                                                
      7782 CLARK      MANAGER         7839 09-06-1981       2450                
        10                                                                      
                                                                                
      7788 SCOTT      ANALYST         7566 19-04-1987       3000                
        20                                                                      
                                                                                

     EMPNO ENAME      JOB              MGR HIREDATE          SAL       COMM     
---------- ---------- --------- ---------- ---------- ---------- ----------     
    DEPTNO                                                                      
----------                                                                      
      7839 KING       PRESIDENT            17-11-1981       5000                
        10                                                                      
                                                                                
      7844 TURNER     SALESMAN        7698 08-09-1981       1500          0     
        30                                                                      
                                                                                
      7876 ADAMS      CLERK           7788 23-05-1987       1100                
        20                                                                      
                                                                                

     EMPNO ENAME      JOB              MGR HIREDATE          SAL       COMM     
---------- ---------- --------- ---------- ---------- ---------- ----------     
    DEPTNO                                                                      
----------                                                                      
      7900 JAMES      CLERK           7698 03-12-1981        950                
        30                                                                      
                                                                                
      7902 FORD       ANALYST         7566 03-12-1981       3000                
        20                                                                      
                                                                                
      7934 MILLER     CLERK           7782 23-01-1982       1300                
        10                                                                      
                                                                                

12 rows selected.

SQL> SELECT * FROM EMP WHERE ENAEM='SMITH' OR ENAME='ALLEN';
SELECT * FROM EMP WHERE ENAEM='SMITH' OR ENAME='ALLEN'
                        *
ERROR at line 1:
ORA-00904: "ENAEM": invalid identifier 


SQL>  SELECT * FROM EMP WHERE ENAME='SMITH' OR ENAME='ALLEN';

     EMPNO ENAME      JOB              MGR HIREDATE          SAL       COMM     
---------- ---------- --------- ---------- ---------- ---------- ----------     
    DEPTNO                                                                      
----------                                                                      
      7369 SMITH      CLERK           7902 17-12-1980        800                
        20                                                                      
                                                                                
      7499 ALLEN      SALESMAN        7698 20-02-1981       1600        300     
        30                                                                      
                                                                                

SQL> SELECT * FROM EMP WHERE ENAME LIKE 'S%';

     EMPNO ENAME      JOB              MGR HIREDATE          SAL       COMM     
---------- ---------- --------- ---------- ---------- ---------- ----------     
    DEPTNO                                                                      
----------                                                                      
      7369 SMITH      CLERK           7902 17-12-1980        800                
        20                                                                      
                                                                                
      7788 SCOTT      ANALYST         7566 19-04-1987       3000                
        20                                                                      
                                                                                

SQL> SELECT ENAME FROM EMP WHERE JOB LIKE 'S___S%N';

ENAME                                                                           
----------                                                                      
ALLEN                                                                           
WARD                                                                            
MARTIN                                                                          
TURNER                                                                          

SQL> SELECT * FROM EMP WHERE ENAME LIKE '____';

     EMPNO ENAME      JOB              MGR HIREDATE          SAL       COMM     
---------- ---------- --------- ---------- ---------- ---------- ----------     
    DEPTNO                                                                      
----------                                                                      
      7521 WARD       SALESMAN        7698 22-02-1981       1250        500     
        30                                                                      
                                                                                
      7839 KING       PRESIDENT            17-11-1981       5000                
        10                                                                      
                                                                                
      7902 FORD       ANALYST         7566 03-12-1981       3000                
        20                                                                      
                                                                                

SQL> SELECT * FROM EMP WHERE SAL BETWEEN 1000 AND 3000;

     EMPNO ENAME      JOB              MGR HIREDATE          SAL       COMM     
---------- ---------- --------- ---------- ---------- ---------- ----------     
    DEPTNO                                                                      
----------                                                                      
      7499 ALLEN      SALESMAN        7698 20-02-1981       1600        300     
        30                                                                      
                                                                                
      7521 WARD       SALESMAN        7698 22-02-1981       1250        500     
        30                                                                      
                                                                                
      7566 JONES      MANAGER         7839 02-04-1981       2975                
        20                                                                      
                                                                                

     EMPNO ENAME      JOB              MGR HIREDATE          SAL       COMM     
---------- ---------- --------- ---------- ---------- ---------- ----------     
    DEPTNO                                                                      
----------                                                                      
      7654 MARTIN     SALESMAN        7698 28-09-1981       1250       1400     
        30                                                                      
                                                                                
      7698 BLAKE      MANAGER         7839 01-05-1981       2850                
        30                                                                      
                                                                                
      7782 CLARK      MANAGER         7839 09-06-1981       2450                
        10                                                                      
                                                                                

     EMPNO ENAME      JOB              MGR HIREDATE          SAL       COMM     
---------- ---------- --------- ---------- ---------- ---------- ----------     
    DEPTNO                                                                      
----------                                                                      
      7788 SCOTT      ANALYST         7566 19-04-1987       3000                
        20                                                                      
                                                                                
      7844 TURNER     SALESMAN        7698 08-09-1981       1500          0     
        30                                                                      
                                                                                
      7876 ADAMS      CLERK           7788 23-05-1987       1100                
        20                                                                      
                                                                                

     EMPNO ENAME      JOB              MGR HIREDATE          SAL       COMM     
---------- ---------- --------- ---------- ---------- ---------- ----------     
    DEPTNO                                                                      
----------                                                                      
      7902 FORD       ANALYST         7566 03-12-1981       3000                
        20                                                                      
                                                                                
      7934 MILLER     CLERK           7782 23-01-1982       1300                
        10                                                                      
                                                                                

11 rows selected.

SQL> SELECT ENAME FROM EMP WHERE COMM BETWEEN 500 AND 1500;

ENAME                                                                           
----------                                                                      
WARD                                                                            
MARTIN                                                                          

SQL> SELECT * FROM EMP WHERE ENAME BETWEEN 'A' AND 'K';

     EMPNO ENAME      JOB              MGR HIREDATE          SAL       COMM     
---------- ---------- --------- ---------- ---------- ---------- ----------     
    DEPTNO                                                                      
----------                                                                      
      7499 ALLEN      SALESMAN        7698 20-02-1981       1600        300     
        30                                                                      
                                                                                
      7566 JONES      MANAGER         7839 02-04-1981       2975                
        20                                                                      
                                                                                
      7698 BLAKE      MANAGER         7839 01-05-1981       2850                
        30                                                                      
                                                                                

     EMPNO ENAME      JOB              MGR HIREDATE          SAL       COMM     
---------- ---------- --------- ---------- ---------- ---------- ----------     
    DEPTNO                                                                      
----------                                                                      
      7782 CLARK      MANAGER         7839 09-06-1981       2450                
        10                                                                      
                                                                                
      7876 ADAMS      CLERK           7788 23-05-1987       1100                
        20                                                                      
                                                                                
      7900 JAMES      CLERK           7698 03-12-1981        950                
        30                                                                      
                                                                                

     EMPNO ENAME      JOB              MGR HIREDATE          SAL       COMM     
---------- ---------- --------- ---------- ---------- ---------- ----------     
    DEPTNO                                                                      
----------                                                                      
      7902 FORD       ANALYST         7566 03-12-1981       3000                
        20                                                                      
                                                                                

7 rows selected.

SQL> SPOOL OFF;
