SQL> CREATE TABLE BOOK(BID NUMBER(3) PRIMARY KEY,
  2  BNAME VARCHAR(15) NOT NULL,
  3  BPRICE NUMBER CHECK(BPRICE>500),
  4  BHEADING VARCHAR(20));

Table created.

SQL> SELECT * FROM BOOK;

no rows selected

SQL> CREATE TABLE AUTHOR(AID NUMBER(10) PRIMARY KEY,
  2  ANAME VARCHAR(10) NOT NULL,
  3  AAGE NUMBER(2) CHECK(AAGE>30),
  4  AGENDER VARCHAR(10) CHECK(AGENDER IN('MALE','FEMALE')),
  5  BID NUMBER(3) REFERENCES BOOK(BID));

Table created.

SQL> SHOW TABLE;
SP2-0158: unknown SHOW option "TABLE"
SQL> DISPLAY TABLE;
SP2-0734: unknown command beginning "DISPLAY TA..." - rest of line ignored.
SQL> DISPLAY TA;
SP2-0042: unknown command "DISPLAY TA" - rest of line ignored.
SQL> SELECT * FROM AUTHOR;

no rows selected

SQL> CREATE TABLE CUSTOMER(CID NUMBER(8) PRIMARY KEY,
  2  CNAME VARCHAR(10) NOT NULL,
  3  CAGE  NUMBER(2) CHECK(CAGE>10),
  4  CGENDER VARCHAR(10) CHECK(CGENDER IN('MALE','FEMALE')));

Table created.

SQL> CREATE TABLE PRODUCT(PID NUMBER(12) PRIMARY KEY,
  2  PNAME VARCHAR(20) NOT NULL,
  3  PEXPIRY NUMBER(10) NOT NULL,
  4  PPRICE NUMBER(4) NOT NULL,
  5  CID NUMBER(8) REFERENCES CUSTOMER(CID));

Table created.

SQL> SELECT PNAME FROM PRODUCT;

no rows selected

SQL> SELECT AAGE FROM AUTHOR;

no rows selected

SQL> SPOOL OFF;
