SQL> select * from emp;

     EMPNO ENAME      JOB              MGR HIREDATE          SAL       COMM     
---------- ---------- --------- ---------- ---------- ---------- ----------     
    DEPTNO                                                                      
----------                                                                      
      7369 SMITH      CLERK           7902 17-12-1980        800                
        20                                                                      
                                                                                
      7499 ALLEN      SALESMAN        7698 20-02-1981       1600        300     
        30                                                                      
                                                                                
      7521 WARD       SALESMAN        7698 22-02-1981       1250        500     
        30                                                                      
                                                                                

     EMPNO ENAME      JOB              MGR HIREDATE          SAL       COMM     
---------- ---------- --------- ---------- ---------- ---------- ----------     
    DEPTNO                                                                      
----------                                                                      
      7566 JONES      MANAGER         7839 02-04-1981       2975                
        20                                                                      
                                                                                
      7654 MARTIN     SALESMAN        7698 28-09-1981       1250       1400     
        30                                                                      
                                                                                
      7698 BLAKE      MANAGER         7839 01-05-1981       2850                
        30                                                                      
                                                                                

     EMPNO ENAME      JOB              MGR HIREDATE          SAL       COMM     
---------- ---------- --------- ---------- ---------- ---------- ----------     
    DEPTNO                                                                      
----------                                                                      
      7782 CLARK      MANAGER         7839 09-06-1981       2450                
        10                                                                      
                                                                                
      7788 SCOTT      ANALYST         7566 19-04-1987       3000                
        20                                                                      
                                                                                
      7839 KING       PRESIDENT            17-11-1981       5000                
        10                                                                      
                                                                                

     EMPNO ENAME      JOB              MGR HIREDATE          SAL       COMM     
---------- ---------- --------- ---------- ---------- ---------- ----------     
    DEPTNO                                                                      
----------                                                                      
      7844 TURNER     SALESMAN        7698 08-09-1981       1500          0     
        30                                                                      
                                                                                
      7876 ADAMS      CLERK           7788 23-05-1987       1100                
        20                                                                      
                                                                                
      7900 JAMES      CLERK           7698 03-12-1981        950                
        30                                                                      
                                                                                

     EMPNO ENAME      JOB              MGR HIREDATE          SAL       COMM     
---------- ---------- --------- ---------- ---------- ---------- ----------     
    DEPTNO                                                                      
----------                                                                      
      7902 FORD       ANALYST         7566 03-12-1981       3000                
        20                                                                      
                                                                                
      7934 MILLER     CLERK           7782 23-01-1982       1300                
        10                                                                      
                                                                                

14 rows selected.

SQL> select deptname,loc from dept where deptno=
  2  (select sal from
  3  (select sal from
  4  (select sal from emp order by sal desc)
  5  where rownum=4 order by sal asc)
  6  where rownum=1);
select deptname,loc from dept where deptno=
       *
ERROR at line 1:
ORA-00904: "DEPTNAME": invalid identifier 


SQL> select * from dept;

    DEPTNO DNAME          LOC                                                   
---------- -------------- -------------                                         
        10 ACCOUNTING     NEW YORK                                              
        20 RESEARCH       DALLAS                                                
        30 SALES          CHICAGO                                               
        40 OPERATIONS     BOSTON                                                

SQL> select dname,loc from dept where deptno=
  2  (select sal from
  3  (select sal from
  4  (select sal from emp order by sal desc)
  5  where rownum=4 order by sal asc)
  6  where rownum=1);

no rows selected

SQL> select dname,loc form dept;
select dname,loc form dept
                      *
ERROR at line 1:
ORA-00923: FROM keyword not found where expected 


SQL> select dname,loc from dept;

DNAME          LOC                                                              
-------------- -------------                                                    
ACCOUNTING     NEW YORK                                                         
RESEARCH       DALLAS                                                           
SALES          CHICAGO                                                          
OPERATIONS     BOSTON                                                           

SQL> select  * from emp where rownum=5;

no rows selected

SQL> selct * from
SP2-0734: unknown command beginning "selct * fr..." - rest of line ignored.
SQL> select * from
  2  (select * from emp where rownum<=5);

     EMPNO ENAME      JOB              MGR HIREDATE          SAL       COMM     
---------- ---------- --------- ---------- ---------- ---------- ----------     
    DEPTNO                                                                      
----------                                                                      
      7369 SMITH      CLERK           7902 17-12-1980        800                
        20                                                                      
                                                                                
      7499 ALLEN      SALESMAN        7698 20-02-1981       1600        300     
        30                                                                      
                                                                                
      7521 WARD       SALESMAN        7698 22-02-1981       1250        500     
        30                                                                      
                                                                                

     EMPNO ENAME      JOB              MGR HIREDATE          SAL       COMM     
---------- ---------- --------- ---------- ---------- ---------- ----------     
    DEPTNO                                                                      
----------                                                                      
      7566 JONES      MANAGER         7839 02-04-1981       2975                
        20                                                                      
                                                                                
      7654 MARTIN     SALESMAN        7698 28-09-1981       1250       1400     
        30                                                                      
                                                                                

SQL> select * from emp;

     EMPNO ENAME      JOB              MGR HIREDATE          SAL       COMM     
---------- ---------- --------- ---------- ---------- ---------- ----------     
    DEPTNO                                                                      
----------                                                                      
      7369 SMITH      CLERK           7902 17-12-1980        800                
        20                                                                      
                                                                                
      7499 ALLEN      SALESMAN        7698 20-02-1981       1600        300     
        30                                                                      
                                                                                
      7521 WARD       SALESMAN        7698 22-02-1981       1250        500     
        30                                                                      
                                                                                

     EMPNO ENAME      JOB              MGR HIREDATE          SAL       COMM     
---------- ---------- --------- ---------- ---------- ---------- ----------     
    DEPTNO                                                                      
----------                                                                      
      7566 JONES      MANAGER         7839 02-04-1981       2975                
        20                                                                      
                                                                                
      7654 MARTIN     SALESMAN        7698 28-09-1981       1250       1400     
        30                                                                      
                                                                                
      7698 BLAKE      MANAGER         7839 01-05-1981       2850                
        30                                                                      
                                                                                

     EMPNO ENAME      JOB              MGR HIREDATE          SAL       COMM     
---------- ---------- --------- ---------- ---------- ---------- ----------     
    DEPTNO                                                                      
----------                                                                      
      7782 CLARK      MANAGER         7839 09-06-1981       2450                
        10                                                                      
                                                                                
      7788 SCOTT      ANALYST         7566 19-04-1987       3000                
        20                                                                      
                                                                                
      7839 KING       PRESIDENT            17-11-1981       5000                
        10                                                                      
                                                                                

     EMPNO ENAME      JOB              MGR HIREDATE          SAL       COMM     
---------- ---------- --------- ---------- ---------- ---------- ----------     
    DEPTNO                                                                      
----------                                                                      
      7844 TURNER     SALESMAN        7698 08-09-1981       1500          0     
        30                                                                      
                                                                                
      7876 ADAMS      CLERK           7788 23-05-1987       1100                
        20                                                                      
                                                                                
      7900 JAMES      CLERK           7698 03-12-1981        950                
        30                                                                      
                                                                                

     EMPNO ENAME      JOB              MGR HIREDATE          SAL       COMM     
---------- ---------- --------- ---------- ---------- ---------- ----------     
    DEPTNO                                                                      
----------                                                                      
      7902 FORD       ANALYST         7566 03-12-1981       3000                
        20                                                                      
                                                                                
      7934 MILLER     CLERK           7782 23-01-1982       1300                
        10                                                                      
                                                                                

14 rows selected.

SQL>  select dname,loc from dept where deptno=
  2  select deptno from emp where sal=
  3   (select sal from
  4   (select sal from
  5   (select sal from emp order by sal desc)
  6   where rownum=4 order by sal asc)
  7   where rownum=1));
select deptno from emp where sal=
*
ERROR at line 2:
ORA-00936: missing expression 


SQL>  select dname,loc from dept where deptno=
  2  ( select deptno from emp where sal=
  3    (select sal from
  4    (select sal from
  5    (select sal from emp order by sal desc)
  6    where rownum=4 order by sal asc)
  7    where rownum=1));

no rows selected

SQL> select dname,loc from dept where deptno=
  2  ( select deptno from emp where sal=
  3  (select sal from
  4  (select sal from
  5  (select sal from emp order by sal desc)
  6  where rownum<=4 order by sal asc)
  7   where rownum=1));

DNAME          LOC                                                              
-------------- -------------                                                    
RESEARCH       DALLAS                                                           

SQL> select * form
  2  (select * from emp emp order by empno desc)
  3  where rownum<=5;
select * form
         *
ERROR at line 1:
ORA-00923: FROM keyword not found where expected 


SQL> select * from
  2  (select * from emp emp order by empno desc)
  3  where rownum<=5;

     EMPNO ENAME      JOB              MGR HIREDATE          SAL       COMM     
---------- ---------- --------- ---------- ---------- ---------- ----------     
    DEPTNO                                                                      
----------                                                                      
      7934 MILLER     CLERK           7782 23-01-1982       1300                
        10                                                                      
                                                                                
      7902 FORD       ANALYST         7566 03-12-1981       3000                
        20                                                                      
                                                                                
      7900 JAMES      CLERK           7698 03-12-1981        950                
        30                                                                      
                                                                                

     EMPNO ENAME      JOB              MGR HIREDATE          SAL       COMM     
---------- ---------- --------- ---------- ---------- ---------- ----------     
    DEPTNO                                                                      
----------                                                                      
      7876 ADAMS      CLERK           7788 23-05-1987       1100                
        20                                                                      
                                                                                
      7844 TURNER     SALESMAN        7698 08-09-1981       1500          0     
        30                                                                      
                                                                                

SQL> select * from emp where rownum<=
  2  (select count(*)/2 from emp);

     EMPNO ENAME      JOB              MGR HIREDATE          SAL       COMM     
---------- ---------- --------- ---------- ---------- ---------- ----------     
    DEPTNO                                                                      
----------                                                                      
      7369 SMITH      CLERK           7902 17-12-1980        800                
        20                                                                      
                                                                                
      7499 ALLEN      SALESMAN        7698 20-02-1981       1600        300     
        30                                                                      
                                                                                
      7521 WARD       SALESMAN        7698 22-02-1981       1250        500     
        30                                                                      
                                                                                

     EMPNO ENAME      JOB              MGR HIREDATE          SAL       COMM     
---------- ---------- --------- ---------- ---------- ---------- ----------     
    DEPTNO                                                                      
----------                                                                      
      7566 JONES      MANAGER         7839 02-04-1981       2975                
        20                                                                      
                                                                                
      7654 MARTIN     SALESMAN        7698 28-09-1981       1250       1400     
        30                                                                      
                                                                                
      7698 BLAKE      MANAGER         7839 01-05-1981       2850                
        30                                                                      
                                                                                

     EMPNO ENAME      JOB              MGR HIREDATE          SAL       COMM     
---------- ---------- --------- ---------- ---------- ---------- ----------     
    DEPTNO                                                                      
----------                                                                      
      7782 CLARK      MANAGER         7839 09-06-1981       2450                
        10                                                                      
                                                                                

7 rows selected.

SQL> spool off;
